18:32:47 **** Incremental Build of configuration Debug for project 4H7B0_25WQ64 ****
make all 
正在构建文件： ../src/Tft114.cpp
正在调用： GNU Arm Cross C++ Compiler
arm-none-eabi-g++ -mcpu=cortex-m7 -mthumb -mfloat-abi=soft -Og -fmessage-length=0 -fsigned-char -ffunction-sections -fdata-sections -ffreestanding -fno-move-loop-invariants -Wall -Wextra  -g3 -DDEBUG -DUSE_FULL_ASSERT -DTRACE -DOS_USE_TRACE_SEMIHOSTING_STDOUT -DSTM32H7B0xx -DUSE_HAL_DRIVER -DHSE_VALUE=25000000 -I"../include" -I"../system/include" -I"../system/include/cmsis" -I"../system/include/stm32h7x-hal" -std=gnu++11 -fabi-version=0 -fno-exceptions -fno-rtti -fno-use-cxa-atexit -fno-threadsafe-statics -MMD -MP -MF"src/Tft114.d" -MT"src/Tft114.o" -c -o "src/Tft114.o" "../src/Tft114.cpp"
已结束构建： ../src/Tft114.cpp
 
正在构建目标： 4H7B0_25WQ64.elf
正在调用： GNU Arm Cross C++ Linker
arm-none-eabi-g++ -mcpu=cortex-m7 -mthumb -mfloat-abi=soft -Og -fmessage-length=0 -fsigned-char -ffunction-sections -fdata-sections -ffreestanding -fno-move-loop-invariants -Wall -Wextra  -g3 -T mem.ld -T sections.ld -T libs.ld -nostartfiles -Xlinker --gc-sections -L"../ldscripts" -Wl,-Map,"4H7B0_25WQ64.map" --specs=nano.specs -o "4H7B0_25WQ64.elf"  ./system/src/stm32h7x-hal/Legacy/stm32h7xx_hal_eth.o ./system/src/stm32h7x-hal/Legacy/stm32h7xx_hal_eth_ex.o  ./system/src/stm32h7x-hal/stm32h7xx_hal.o ./system/src/stm32h7x-hal/stm32h7xx_hal_adc.o ./system/src/stm32h7x-hal/stm32h7xx_hal_adc_ex.o ./system/src/stm32h7x-hal/stm32h7xx_hal_cec.o ./system/src/stm32h7x-hal/stm32h7xx_hal_comp.o ./system/src/stm32h7x-hal/stm32h7xx_hal_cordic.o ./system/src/stm32h7x-hal/stm32h7xx_hal_cortex.o ./system/src/stm32h7x-hal/stm32h7xx_hal_crc.o ./system/src/stm32h7x-hal/stm32h7xx_hal_crc_ex.o ./system/src/stm32h7x-hal/stm32h7xx_hal_cryp.o ./system/src/stm32h7x-hal/stm32h7xx_hal_cryp_ex.o ./system/src/stm32h7x-hal/stm32h7xx_hal_dac.o ./system/src/stm32h7x-hal/stm32h7xx_hal_dac_ex.o ./system/src/stm32h7x-hal/stm32h7xx_hal_dcmi.o ./system/src/stm32h7x-hal/stm32h7xx_hal_dfsdm.o ./system/src/stm32h7x-hal/stm32h7xx_hal_dfsdm_ex.o ./system/src/stm32h7x-hal/stm32h7xx_hal_dma.o ./system/src/stm32h7x-hal/stm32h7xx_hal_dma2d.o ./system/src/stm32h7x-hal/stm32h7xx_hal_dma_ex.o ./system/src/stm32h7x-hal/stm32h7xx_hal_dsi.o ./system/src/stm32h7x-hal/stm32h7xx_hal_dts.o ./system/src/stm32h7x-hal/stm32h7xx_hal_eth.o ./system/src/stm32h7x-hal/stm32h7xx_hal_eth_ex.o ./system/src/stm32h7x-hal/stm32h7xx_hal_exti.o ./system/src/stm32h7x-hal/stm32h7xx_hal_fdcan.o ./system/src/stm32h7x-hal/stm32h7xx_hal_flash.o ./system/src/stm32h7x-hal/stm32h7xx_hal_flash_ex.o ./system/src/stm32h7x-hal/stm32h7xx_hal_fmac.o ./system/src/stm32h7x-hal/stm32h7xx_hal_gfxmmu.o ./system/src/stm32h7x-hal/stm32h7xx_hal_gpio.o ./system/src/stm32h7x-hal/stm32h7xx_hal_hash.o ./system/src/stm32h7x-hal/stm32h7xx_hal_hash_ex.o ./system/src/stm32h7x-hal/stm32h7xx_hal_hcd.o ./system/src/stm32h7x-hal/stm32h7xx_hal_hrtim.o ./system/src/stm32h7x-hal/stm32h7xx_hal_hsem.o ./system/src/stm32h7x-hal/stm32h7xx_hal_i2c.o ./system/src/stm32h7x-hal/stm32h7xx_hal_i2c_ex.o ./system/src/stm32h7x-hal/stm32h7xx_hal_i2s.o ./system/src/stm32h7x-hal/stm32h7xx_hal_i2s_ex.o ./system/src/stm32h7x-hal/stm32h7xx_hal_irda.o ./system/src/stm32h7x-hal/stm32h7xx_hal_iwdg.o ./system/src/stm32h7x-hal/stm32h7xx_hal_jpeg.o ./system/src/stm32h7x-hal/stm32h7xx_hal_lptim.o ./system/src/stm32h7x-hal/stm32h7xx_hal_ltdc.o ./system/src/stm32h7x-hal/stm32h7xx_hal_ltdc_ex.o ./system/src/stm32h7x-hal/stm32h7xx_hal_mdios.o ./system/src/stm32h7x-hal/stm32h7xx_hal_mdma.o ./system/src/stm32h7x-hal/stm32h7xx_hal_mmc.o ./system/src/stm32h7x-hal/stm32h7xx_hal_mmc_ex.o ./system/src/stm32h7x-hal/stm32h7xx_hal_msp_template.o ./system/src/stm32h7x-hal/stm32h7xx_hal_nand.o ./system/src/stm32h7x-hal/stm32h7xx_hal_nor.o ./system/src/stm32h7x-hal/stm32h7xx_hal_opamp.o ./system/src/stm32h7x-hal/stm32h7xx_hal_opamp_ex.o ./system/src/stm32h7x-hal/stm32h7xx_hal_ospi.o ./system/src/stm32h7x-hal/stm32h7xx_hal_otfdec.o ./system/src/stm32h7x-hal/stm32h7xx_hal_pcd.o ./system/src/stm32h7x-hal/stm32h7xx_hal_pcd_ex.o ./system/src/stm32h7x-hal/stm32h7xx_hal_pssi.o ./system/src/stm32h7x-hal/stm32h7xx_hal_pwr.o ./system/src/stm32h7x-hal/stm32h7xx_hal_pwr_ex.o ./system/src/stm32h7x-hal/stm32h7xx_hal_qspi.o ./system/src/stm32h7x-hal/stm32h7xx_hal_ramecc.o ./system/src/stm32h7x-hal/stm32h7xx_hal_rcc.o ./system/src/stm32h7x-hal/stm32h7xx_hal_rcc_ex.o ./system/src/stm32h7x-hal/stm32h7xx_hal_rng.o ./system/src/stm32h7x-hal/stm32h7xx_hal_rng_ex.o ./system/src/stm32h7x-hal/stm32h7xx_hal_rtc.o ./system/src/stm32h7x-hal/stm32h7xx_hal_rtc_ex.o ./system/src/stm32h7x-hal/stm32h7xx_hal_sai.o ./system/src/stm32h7x-hal/stm32h7xx_hal_sai_ex.o ./system/src/stm32h7x-hal/stm32h7xx_hal_sd.o ./system/src/stm32h7x-hal/stm32h7xx_hal_sd_ex.o ./system/src/stm32h7x-hal/stm32h7xx_hal_sdram.o ./system/src/stm32h7x-hal/stm32h7xx_hal_smartcard.o ./system/src/stm32h7x-hal/stm32h7xx_hal_smartcard_ex.o ./system/src/stm32h7x-hal/stm32h7xx_hal_smbus.o ./system/src/stm32h7x-hal/stm32h7xx_hal_smbus_ex.o ./system/src/stm32h7x-hal/stm32h7xx_hal_spdifrx.o ./system/src/stm32h7x-hal/stm32h7xx_hal_spi.o ./system/src/stm32h7x-hal/stm32h7xx_hal_spi_ex.o ./system/src/stm32h7x-hal/stm32h7xx_hal_sram.o ./system/src/stm32h7x-hal/stm32h7xx_hal_swpmi.o ./system/src/stm32h7x-hal/stm32h7xx_hal_tim.o ./system/src/stm32h7x-hal/stm32h7xx_hal_tim_ex.o ./system/src/stm32h7x-hal/stm32h7xx_hal_uart.o ./system/src/stm32h7x-hal/stm32h7xx_hal_uart_ex.o ./system/src/stm32h7x-hal/stm32h7xx_hal_usart.o ./system/src/stm32h7x-hal/stm32h7xx_hal_usart_ex.o ./system/src/stm32h7x-hal/stm32h7xx_hal_wwdg.o ./system/src/stm32h7x-hal/stm32h7xx_ll_adc.o ./system/src/stm32h7x-hal/stm32h7xx_ll_bdma.o ./system/src/stm32h7x-hal/stm32h7xx_ll_comp.o ./system/src/stm32h7x-hal/stm32h7xx_ll_cordic.o ./system/src/stm32h7x-hal/stm32h7xx_ll_crc.o ./system/src/stm32h7x-hal/stm32h7xx_ll_crs.o ./system/src/stm32h7x-hal/stm32h7xx_ll_dac.o ./system/src/stm32h7x-hal/stm32h7xx_ll_delayblock.o ./system/src/stm32h7x-hal/stm32h7xx_ll_dma.o ./system/src/stm32h7x-hal/stm32h7xx_ll_dma2d.o ./system/src/stm32h7x-hal/stm32h7xx_ll_exti.o ./system/src/stm32h7x-hal/stm32h7xx_ll_fmac.o ./system/src/stm32h7x-hal/stm32h7xx_ll_fmc.o ./system/src/stm32h7x-hal/stm32h7xx_ll_gpio.o ./system/src/stm32h7x-hal/stm32h7xx_ll_hrtim.o ./system/src/stm32h7x-hal/stm32h7xx_ll_i2c.o ./system/src/stm32h7x-hal/stm32h7xx_ll_lptim.o ./system/src/stm32h7x-hal/stm32h7xx_ll_lpuart.o ./system/src/stm32h7x-hal/stm32h7xx_ll_mdma.o ./system/src/stm32h7x-hal/stm32h7xx_ll_opamp.o ./system/src/stm32h7x-hal/stm32h7xx_ll_pwr.o ./system/src/stm32h7x-hal/stm32h7xx_ll_rcc.o ./system/src/stm32h7x-hal/stm32h7xx_ll_rng.o ./system/src/stm32h7x-hal/stm32h7xx_ll_rtc.o ./system/src/stm32h7x-hal/stm32h7xx_ll_sdmmc.o ./system/src/stm32h7x-hal/stm32h7xx_ll_spi.o ./system/src/stm32h7x-hal/stm32h7xx_ll_swpmi.o ./system/src/stm32h7x-hal/stm32h7xx_ll_tim.o ./system/src/stm32h7x-hal/stm32h7xx_ll_usart.o ./system/src/stm32h7x-hal/stm32h7xx_ll_usb.o ./system/src/stm32h7x-hal/stm32h7xx_ll_utils.o ./system/src/stm32h7x-hal/system_stm32h7xx.o  ./system/src/newlib/assert.o ./system/src/newlib/cxx.o ./system/src/newlib/exit.o ./system/src/newlib/sbrk.o ./system/src/newlib/startup.o ./system/src/newlib/syscalls.o  ./system/src/diag/trace-impl.o ./system/src/diag/trace.o  ./system/src/cortexm/exception-handlers.o ./system/src/cortexm/initialize-hardware.o ./system/src/cortexm/reset-hardware.o  ./system/src/cmsis/vectors_stm32f767xx.o  ./src/H7ADC.o ./src/H7SPI2.o ./src/H7UART.o ./src/LEDrgb.o ./src/OW25Qxx.o ./src/Tft114.o ./src/W25Qxx.o ./src/main.o ./src/stm32h7xx_it.o  ./KissFFT/kfc.o ./KissFFT/kiss_fft.o ./KissFFT/kiss_fftnd.o ./KissFFT/kiss_fftndr.o ./KissFFT/kiss_fftr.o   
已结束构建目标： 4H7B0_25WQ64.elf
 
正在调用： GNU Arm Cross Create Flash Image
arm-none-eabi-objcopy -O ihex "4H7B0_25WQ64.elf"  "4H7B0_25WQ64.hex"
已结束构建： 4H7B0_25WQ64.hex
 
正在调用： GNU Arm Cross Print Size
arm-none-eabi-size --format=berkeley "4H7B0_25WQ64.elf"
   text	   data	    bss	    dec	    hex	filename
  71385	   4400	   4584	  80369	  139f1	4H7B0_25WQ64.elf
已结束构建： 4H7B0_25WQ64.siz
 

18:32:49 Build Finished. 0 errors, 0 warnings. (took 2s.300ms)

