20:13:34 **** 构建 of configuration Debug for project Ainstrument_ZirconiaOLD ****
make all 
正在构建目标： Ainstrument_ZirconiaOLD.elf
正在调用： Cross ARM GNU C++ Linker
arm-none-eabi-g++ -mcpu=cortex-m3 -mthumb -Og -fmessage-length=0 -fsigned-char -ffunction-sections -fdata-sections -ffreestanding -fno-move-loop-invariants -Wall -Wextra  -g3 -T mem.ld -T libs.ld -T sections.ld -nostartfiles -Xlinker --gc-sections -L"../ldscripts" -Wl,-Map,"Ainstrument_ZirconiaOLD.map" --specs=nano.specs -o "Ainstrument_ZirconiaOLD.elf"  ./system/src/stm32f1-stdperiph/misc.o ./system/src/stm32f1-stdperiph/stm32f10x_gpio.o ./system/src/stm32f1-stdperiph/stm32f10x_rcc.o  ./system/src/newlib/_cxx.o ./system/src/newlib/_exit.o ./system/src/newlib/_sbrk.o ./system/src/newlib/_startup.o ./system/src/newlib/_syscalls.o ./system/src/newlib/assert.o  ./system/src/diag/Trace.o ./system/src/diag/trace_impl.o  ./system/src/cortexm/_initialize_hardware.o ./system/src/cortexm/_reset_hardware.o ./system/src/cortexm/exception_handlers.o  ./system/src/cmsis/system_stm32f10x.o ./system/src/cmsis/vectors_stm32f10x.o  ./src/Adc_Dma.o ./src/Ainstrument.o ./src/Anjian.o ./src/BJ.o ./src/Beep.o ./src/BlinkLed.o ./src/CanF3.o ./src/DS18B20.o ./src/DwinDGUS.o ./src/FM24CL16.o ./src/HistoryData.o ./src/KeyMove.o ./src/Quxian0_1.o ./src/Screen.o ./src/Shuru.o ./src/Timer.o ./src/Timer2PWM.o ./src/WatchDog.o ./src/_write.o ./src/delay.o ./src/main.o ./src/stm32f10x_adc.o ./src/stm32f10x_can.o ./src/stm32f10x_dma.o ./src/stm32f10x_exti.o ./src/stm32f10x_iwdg.o ./src/stm32f10x_spi.o ./src/stm32f10x_tim.o ./src/stm32f10x_usart.o ./src/usart1.o   
已结束构建目标： Ainstrument_ZirconiaOLD.elf
 
正在调用： Cross ARM GNU Create Flash Image
arm-none-eabi-objcopy -O ihex "Ainstrument_ZirconiaOLD.elf"  "Ainstrument_ZirconiaOLD.hex"
已结束构建： Ainstrument_ZirconiaOLD.hex
 
正在调用： Cross ARM GNU Print Size
arm-none-eabi-size --format=berkeley "Ainstrument_ZirconiaOLD.elf"
   text	   data	    bss	    dec	    hex	filename
  49247	    200	  17360	  66807	  104f7	Ainstrument_ZirconiaOLD.elf
已结束构建： Ainstrument_ZirconiaOLD.siz
 

20:13:35 Build Finished. 0 errors, 0 warnings. (took 1s.575ms)

