08:40:00 **** Incremental Build of configuration Debug for project Ainstrument_Huijing ****
make all 
正在构建文件： ../src/Ainstrument.cpp
正在调用： Cross ARM GNU C++ Compiler
arm-none-eabi-g++ -mcpu=cortex-m3 -mthumb -Og -fmessage-length=0 -fsigned-char -ffunction-sections -fdata-sections -ffreestanding -fno-move-loop-invariants -Wall -Wextra  -g3 -DDEBUG -DUSE_FULL_ASSERT -DTRACE -DOS_USE_TRACE_SEMIHOSTING_DEBUG -DSTM32F10X_HD -DUSE_STDPERIPH_DRIVER -DHSE_VALUE=8000000 -I"../include" -I"../system/include" -I"../system/include/cmsis" -I"../system/include/stm32f1-stdperiph" -std=gnu++11 -fabi-version=0 -fno-exceptions -fno-rtti -fno-use-cxa-atexit -fno-threadsafe-statics -MMD -MP -MF"src/Ainstrument.d" -MT"src/Ainstrument.o" -c -o "src/Ainstrument.o" "../src/Ainstrument.cpp"
已结束构建： ../src/Ainstrument.cpp
 
正在构建目标： Ainstrument_Huijing.elf
正在调用： Cross ARM GNU C++ Linker
arm-none-eabi-g++ -mcpu=cortex-m3 -mthumb -Og -fmessage-length=0 -fsigned-char -ffunction-sections -fdata-sections -ffreestanding -fno-move-loop-invariants -Wall -Wextra  -g3 -T mem.ld -T libs.ld -T sections.ld -nostartfiles -Xlinker --gc-sections -L"../ldscripts" -Wl,-Map,"Ainstrument_Huijing.map" --specs=nano.specs -o "Ainstrument_Huijing.elf"  ./system/src/stm32f1-stdperiph/misc.o ./system/src/stm32f1-stdperiph/stm32f10x_gpio.o ./system/src/stm32f1-stdperiph/stm32f10x_rcc.o  ./system/src/newlib/_cxx.o ./system/src/newlib/_exit.o ./system/src/newlib/_sbrk.o ./system/src/newlib/_startup.o ./system/src/newlib/_syscalls.o ./system/src/newlib/assert.o  ./system/src/diag/Trace.o ./system/src/diag/trace_impl.o  ./system/src/cortexm/_initialize_hardware.o ./system/src/cortexm/_reset_hardware.o ./system/src/cortexm/exception_handlers.o  ./system/src/cmsis/system_stm32f10x.o ./system/src/cmsis/vectors_stm32f10x.o  ./src/AT24C16.o ./src/Ainstrument.o ./src/Anjian.o ./src/BJ.o ./src/Beep.o ./src/BlinkLed.o ./src/CRC16.o ./src/DS18B20.o ./src/DwinDGUS.o ./src/HeartPID.o ./src/HistoryData.o ./src/KeyMove.o ./src/Quxian0_1.o ./src/Screen.o ./src/Shuru.o ./src/Timer.o ./src/TimerPWM.o ./src/Usart1.o ./src/WatchDog.o ./src/XiangGuan.o ./src/_write.o ./src/delay.o ./src/main.o ./src/stm32f10x_adc.o ./src/stm32f10x_dma.o ./src/stm32f10x_iwdg.o ./src/stm32f10x_spi.o ./src/stm32f10x_tim.o ./src/stm32f10x_usart.o ./src/usart2.o   
已结束构建目标： Ainstrument_Huijing.elf
 
正在调用： Cross ARM GNU Create Flash Image
arm-none-eabi-objcopy -O ihex "Ainstrument_Huijing.elf"  "Ainstrument_Huijing.hex"
已结束构建： Ainstrument_Huijing.hex
 
正在调用： Cross ARM GNU Print Size
arm-none-eabi-size --format=berkeley "Ainstrument_Huijing.elf"
   text	   data	    bss	    dec	    hex	filename
  44943	    200	   1480	  46623	   b61f	Ainstrument_Huijing.elf
已结束构建： Ainstrument_Huijing.siz
 

08:40:01 Build Finished. 0 errors, 0 warnings. (took 703ms)

