10:38:52 **** 构建 of configuration Debug for project Ainstrument(Histroy_HL)_ganweiYanghuaGaoJiguang ****
make all 
正在调用： Cross ARM GNU Print Size
arm-none-eabi-size --format=berkeley "Ainstrument(Histroy_HL)_ganweiYanghuaGaoJiguang.elf"
   text	   data	    bss	    dec	    hex	filename
  46167	    200	   2008	  48375	   bcf7	Ainstrument(Histroy_HL)_ganweiYanghuaGaoJiguang.elf
已结束构建： Ainstrument(Histroy_HL)_ganweiYanghuaGaoJiguang.siz
 

10:38:52 Build Finished. 0 errors, 0 warnings. (took 280ms)

