09:20:52 **** 构建 of configuration Debug for project Ainstrument_PPM24 ****
make all 
正在构建文件： ../src/FeiLiaoTong.cpp
正在调用： Cross ARM GNU C++ Compiler
arm-none-eabi-g++ -mcpu=cortex-m3 -mthumb -Og -fmessage-length=0 -fsigned-char -ffunction-sections -fdata-sections -ffreestanding -fno-move-loop-invariants -Wall -Wextra  -g3 -DDEBUG -DUSE_FULL_ASSERT -DTRACE -DOS_USE_TRACE_SEMIHOSTING_DEBUG -DSTM32F10X_HD -DUSE_STDPERIPH_DRIVER -DHSE_VALUE=8000000 -I"../include" -I"../system/include" -I"../system/include/cmsis" -I"../system/include/stm32f1-stdperiph" -std=gnu++11 -fabi-version=0 -fno-exceptions -fno-rtti -fno-use-cxa-atexit -fno-threadsafe-statics -MMD -MP -MF"src/FeiLiaoTong.d" -MT"src/FeiLiaoTong.o" -c -o "src/FeiLiaoTong.o" "../src/FeiLiaoTong.cpp"
../src/FeiLiaoTong.cpp:16:34: warning: unused parameter 'isON' [-Wunused-parameter]
 void FeiLiaoTong::DoJinshui(bool isON) {
                                  ^
../src/FeiLiaoTong.cpp:19:34: warning: unused parameter 'isON' [-Wunused-parameter]
 void FeiLiaoTong::DoJiaoban(bool isON) {
                                  ^
../src/FeiLiaoTong.cpp:22:30: warning: unused parameter 'isON' [-Wunused-parameter]
 void FeiLiaoTong::DoOut(bool isON) {
                              ^
已结束构建： ../src/FeiLiaoTong.cpp
 
正在构建目标： Ainstrument_PPM24.elf
正在调用： Cross ARM GNU C++ Linker
arm-none-eabi-g++ -mcpu=cortex-m3 -mthumb -Og -fmessage-length=0 -fsigned-char -ffunction-sections -fdata-sections -ffreestanding -fno-move-loop-invariants -Wall -Wextra  -g3 -T mem.ld -T libs.ld -T sections.ld -nostartfiles -Xlinker --gc-sections -L"../ldscripts" -Wl,-Map,"Ainstrument_PPM24.map" --specs=nano.specs -o "Ainstrument_PPM24.elf"  ./system/src/stm32f1-stdperiph/misc.o ./system/src/stm32f1-stdperiph/stm32f10x_gpio.o ./system/src/stm32f1-stdperiph/stm32f10x_rcc.o  ./system/src/newlib/_cxx.o ./system/src/newlib/_exit.o ./system/src/newlib/_sbrk.o ./system/src/newlib/_startup.o ./system/src/newlib/_syscalls.o ./system/src/newlib/assert.o  ./system/src/diag/Trace.o ./system/src/diag/trace_impl.o  ./system/src/cortexm/_initialize_hardware.o ./system/src/cortexm/_reset_hardware.o ./system/src/cortexm/exception_handlers.o  ./system/src/cmsis/system_stm32f10x.o ./system/src/cmsis/vectors_stm32f10x.o  ./src/Adc_Dma.o ./src/Ainstrument.o ./src/Anjian.o ./src/BJ.o ./src/Beep.o ./src/BlinkLed.o ./src/Bujindianji.o ./src/DAC0832.o ./src/DS18B20.o ./src/DwinDGUS.o ./src/Exti9.o ./src/FM24CL16.o ./src/FeiLiaoTong.o ./src/HeartPID.o ./src/HistoryData.o ./src/KeyMove.o ./src/Quxian0_1.o ./src/SSR.o ./src/Screen.o ./src/Shuru.o ./src/Timer.o ./src/Timer2PWM.o ./src/Timer_Bujindianji.o ./src/WatchDog.o ./src/_write.o ./src/delay.o ./src/main.o ./src/stm32f10x_adc.o ./src/stm32f10x_dma.o ./src/stm32f10x_exti.o ./src/stm32f10x_iwdg.o ./src/stm32f10x_spi.o ./src/stm32f10x_tim.o ./src/stm32f10x_usart.o ./src/usart1.o   
已结束构建目标： Ainstrument_PPM24.elf
 
正在调用： Cross ARM GNU Create Flash Image
arm-none-eabi-objcopy -O ihex "Ainstrument_PPM24.elf"  "Ainstrument_PPM24.hex"
已结束构建： Ainstrument_PPM24.hex
 
正在调用： Cross ARM GNU Print Size
arm-none-eabi-size --format=berkeley "Ainstrument_PPM24.elf"
   text	   data	    bss	    dec	    hex	filename
  49903	    204	  17392	  67499	  107ab	Ainstrument_PPM24.elf
已结束构建： Ainstrument_PPM24.siz
 

09:20:54 Build Finished. 0 errors, 3 warnings. (took 2s.114ms)

