18:14:31 **** Incremental Build of configuration Debug for project Ainstrument(Histroy_HL)_ganwei3zufenJiguang ****
make all 
正在调用： Cross ARM GNU Print Size
arm-none-eabi-size --format=berkeley "Ainstrument(Histroy_HL)_ganwei3zufenJiguang.elf"
   text	   data	    bss	    dec	    hex	filename
  47551	    200	   2008	  49759	   c25f	Ainstrument(Histroy_HL)_ganwei3zufenJiguang.elf
已结束构建： Ainstrument(Histroy_HL)_ganwei3zufenJiguang.siz
 

18:14:31 Build Finished. 0 errors, 0 warnings. (took 529ms)

