10:22:43 **** 构建 of configuration Debug for project Air ****
make all 
正在构建文件： ../system/src/newlib/_cxx.cpp
正在调用： Cross ARM GNU C++ Compiler
arm-none-eabi-g++ -mcpu=cortex-m3 -mthumb -Og -fmessage-length=0 -fsigned-char -ffunction-sections -fdata-sections -ffreestanding -fno-move-loop-invariants -Wall -Wextra  -g3 -DDEBUG -DTRACE -DOS_USE_TRACE_SEMIHOSTING_DEBUG -I"../include" -I"../system/include" -I"../system/include/cmsis" -I"../system/include/Air32" -std=gnu++11 -fabi-version=0 -fno-exceptions -fno-rtti -fno-use-cxa-atexit -fno-threadsafe-statics -MMD -MP -MF"system/src/newlib/_cxx.d" -MT"system/src/newlib/_cxx.o" -c -o "system/src/newlib/_cxx.o" "../system/src/newlib/_cxx.cpp"
已结束构建： ../system/src/newlib/_cxx.cpp
 
正在构建文件： ../system/src/newlib/_exit.c
正在调用： Cross ARM GNU C Compiler
arm-none-eabi-gcc -mcpu=cortex-m3 -mthumb -Og -fmessage-length=0 -fsigned-char -ffunction-sections -fdata-sections -ffreestanding -fno-move-loop-invariants -Wall -Wextra  -g3 -DDEBUG -DTRACE -DOS_USE_TRACE_SEMIHOSTING_DEBUG -I"../include" -I"../system/include" -I"../system/include/cmsis" -I"../system/include/Air32" -std=gnu11 -MMD -MP -MF"system/src/newlib/_exit.d" -MT"system/src/newlib/_exit.o" -c -o "system/src/newlib/_exit.o" "../system/src/newlib/_exit.c"
已结束构建： ../system/src/newlib/_exit.c
 
正在构建文件： ../system/src/newlib/_sbrk.c
正在调用： Cross ARM GNU C Compiler
arm-none-eabi-gcc -mcpu=cortex-m3 -mthumb -Og -fmessage-length=0 -fsigned-char -ffunction-sections -fdata-sections -ffreestanding -fno-move-loop-invariants -Wall -Wextra  -g3 -DDEBUG -DTRACE -DOS_USE_TRACE_SEMIHOSTING_DEBUG -I"../include" -I"../system/include" -I"../system/include/cmsis" -I"../system/include/Air32" -std=gnu11 -MMD -MP -MF"system/src/newlib/_sbrk.d" -MT"system/src/newlib/_sbrk.o" -c -o "system/src/newlib/_sbrk.o" "../system/src/newlib/_sbrk.c"
已结束构建： ../system/src/newlib/_sbrk.c
 
正在构建文件： ../system/src/newlib/_startup.c
正在调用： Cross ARM GNU C Compiler
arm-none-eabi-gcc -mcpu=cortex-m3 -mthumb -Og -fmessage-length=0 -fsigned-char -ffunction-sections -fdata-sections -ffreestanding -fno-move-loop-invariants -Wall -Wextra  -g3 -DDEBUG -DTRACE -DOS_USE_TRACE_SEMIHOSTING_DEBUG -I"../include" -I"../system/include" -I"../system/include/cmsis" -I"../system/include/Air32" -std=gnu11 -MMD -MP -MF"system/src/newlib/_startup.d" -MT"system/src/newlib/_startup.o" -c -o "system/src/newlib/_startup.o" "../system/src/newlib/_startup.c"
已结束构建： ../system/src/newlib/_startup.c
 
正在构建文件： ../system/src/newlib/_syscalls.c
正在调用： Cross ARM GNU C Compiler
arm-none-eabi-gcc -mcpu=cortex-m3 -mthumb -Og -fmessage-length=0 -fsigned-char -ffunction-sections -fdata-sections -ffreestanding -fno-move-loop-invariants -Wall -Wextra  -g3 -DDEBUG -DTRACE -DOS_USE_TRACE_SEMIHOSTING_DEBUG -I"../include" -I"../system/include" -I"../system/include/cmsis" -I"../system/include/Air32" -std=gnu11 -MMD -MP -MF"system/src/newlib/_syscalls.d" -MT"system/src/newlib/_syscalls.o" -c -o "system/src/newlib/_syscalls.o" "../system/src/newlib/_syscalls.c"
已结束构建： ../system/src/newlib/_syscalls.c
 
正在构建文件： ../system/src/newlib/assert.c
正在调用： Cross ARM GNU C Compiler
arm-none-eabi-gcc -mcpu=cortex-m3 -mthumb -Og -fmessage-length=0 -fsigned-char -ffunction-sections -fdata-sections -ffreestanding -fno-move-loop-invariants -Wall -Wextra  -g3 -DDEBUG -DTRACE -DOS_USE_TRACE_SEMIHOSTING_DEBUG -I"../include" -I"../system/include" -I"../system/include/cmsis" -I"../system/include/Air32" -std=gnu11 -MMD -MP -MF"system/src/newlib/assert.d" -MT"system/src/newlib/assert.o" -c -o "system/src/newlib/assert.o" "../system/src/newlib/assert.c"
已结束构建： ../system/src/newlib/assert.c
 
正在构建文件： ../system/src/diag/Trace.c
正在调用： Cross ARM GNU C Compiler
arm-none-eabi-gcc -mcpu=cortex-m3 -mthumb -Og -fmessage-length=0 -fsigned-char -ffunction-sections -fdata-sections -ffreestanding -fno-move-loop-invariants -Wall -Wextra  -g3 -DDEBUG -DTRACE -DOS_USE_TRACE_SEMIHOSTING_DEBUG -I"../include" -I"../system/include" -I"../system/include/cmsis" -I"../system/include/Air32" -std=gnu11 -MMD -MP -MF"system/src/diag/Trace.d" -MT"system/src/diag/Trace.o" -c -o "system/src/diag/Trace.o" "../system/src/diag/Trace.c"
已结束构建： ../system/src/diag/Trace.c
 
正在构建文件： ../system/src/diag/trace_impl.c
正在调用： Cross ARM GNU C Compiler
arm-none-eabi-gcc -mcpu=cortex-m3 -mthumb -Og -fmessage-length=0 -fsigned-char -ffunction-sections -fdata-sections -ffreestanding -fno-move-loop-invariants -Wall -Wextra  -g3 -DDEBUG -DTRACE -DOS_USE_TRACE_SEMIHOSTING_DEBUG -I"../include" -I"../system/include" -I"../system/include/cmsis" -I"../system/include/Air32" -std=gnu11 -MMD -MP -MF"system/src/diag/trace_impl.d" -MT"system/src/diag/trace_impl.o" -c -o "system/src/diag/trace_impl.o" "../system/src/diag/trace_impl.c"
已结束构建： ../system/src/diag/trace_impl.c
 
正在构建文件： ../system/src/cortexm/_initialize_hardware.c
正在调用： Cross ARM GNU C Compiler
arm-none-eabi-gcc -mcpu=cortex-m3 -mthumb -Og -fmessage-length=0 -fsigned-char -ffunction-sections -fdata-sections -ffreestanding -fno-move-loop-invariants -Wall -Wextra  -g3 -DDEBUG -DTRACE -DOS_USE_TRACE_SEMIHOSTING_DEBUG -I"../include" -I"../system/include" -I"../system/include/cmsis" -I"../system/include/Air32" -std=gnu11 -MMD -MP -MF"system/src/cortexm/_initialize_hardware.d" -MT"system/src/cortexm/_initialize_hardware.o" -c -o "system/src/cortexm/_initialize_hardware.o" "../system/src/cortexm/_initialize_hardware.c"
已结束构建： ../system/src/cortexm/_initialize_hardware.c
 
正在构建文件： ../system/src/cortexm/_reset_hardware.c
正在调用： Cross ARM GNU C Compiler
arm-none-eabi-gcc -mcpu=cortex-m3 -mthumb -Og -fmessage-length=0 -fsigned-char -ffunction-sections -fdata-sections -ffreestanding -fno-move-loop-invariants -Wall -Wextra  -g3 -DDEBUG -DTRACE -DOS_USE_TRACE_SEMIHOSTING_DEBUG -I"../include" -I"../system/include" -I"../system/include/cmsis" -I"../system/include/Air32" -std=gnu11 -MMD -MP -MF"system/src/cortexm/_reset_hardware.d" -MT"system/src/cortexm/_reset_hardware.o" -c -o "system/src/cortexm/_reset_hardware.o" "../system/src/cortexm/_reset_hardware.c"
已结束构建： ../system/src/cortexm/_reset_hardware.c
 
正在构建文件： ../system/src/cortexm/exception_handlers.c
正在调用： Cross ARM GNU C Compiler
arm-none-eabi-gcc -mcpu=cortex-m3 -mthumb -Og -fmessage-length=0 -fsigned-char -ffunction-sections -fdata-sections -ffreestanding -fno-move-loop-invariants -Wall -Wextra  -g3 -DDEBUG -DTRACE -DOS_USE_TRACE_SEMIHOSTING_DEBUG -I"../include" -I"../system/include" -I"../system/include/cmsis" -I"../system/include/Air32" -std=gnu11 -MMD -MP -MF"system/src/cortexm/exception_handlers.d" -MT"system/src/cortexm/exception_handlers.o" -c -o "system/src/cortexm/exception_handlers.o" "../system/src/cortexm/exception_handlers.c"
已结束构建： ../system/src/cortexm/exception_handlers.c
 
正在构建文件： ../system/src/cmsis/system_Air32.c
正在调用： Cross ARM GNU C Compiler
arm-none-eabi-gcc -mcpu=cortex-m3 -mthumb -Og -fmessage-length=0 -fsigned-char -ffunction-sections -fdata-sections -ffreestanding -fno-move-loop-invariants -Wall -Wextra  -g3 -DDEBUG -DTRACE -DOS_USE_TRACE_SEMIHOSTING_DEBUG -I"../include" -I"../system/include" -I"../system/include/cmsis" -I"../system/include/Air32" -std=gnu11 -MMD -MP -MF"system/src/cmsis/system_Air32.d" -MT"system/src/cmsis/system_Air32.o" -c -o "system/src/cmsis/system_Air32.o" "../system/src/cmsis/system_Air32.c"
已结束构建： ../system/src/cmsis/system_Air32.c
 
正在构建文件： ../system/src/cmsis/vectors_Air32.c
正在调用： Cross ARM GNU C Compiler
arm-none-eabi-gcc -mcpu=cortex-m3 -mthumb -Og -fmessage-length=0 -fsigned-char -ffunction-sections -fdata-sections -ffreestanding -fno-move-loop-invariants -Wall -Wextra  -g3 -DDEBUG -DTRACE -DOS_USE_TRACE_SEMIHOSTING_DEBUG -I"../include" -I"../system/include" -I"../system/include/cmsis" -I"../system/include/Air32" -std=gnu11 -MMD -MP -MF"system/src/cmsis/vectors_Air32.d" -MT"system/src/cmsis/vectors_Air32.o" -c -o "system/src/cmsis/vectors_Air32.o" "../system/src/cmsis/vectors_Air32.c"
已结束构建： ../system/src/cmsis/vectors_Air32.c
 
正在构建文件： ../src/Timer.cpp
正在调用： Cross ARM GNU C++ Compiler
arm-none-eabi-g++ -mcpu=cortex-m3 -mthumb -Og -fmessage-length=0 -fsigned-char -ffunction-sections -fdata-sections -ffreestanding -fno-move-loop-invariants -Wall -Wextra  -g3 -DDEBUG -DTRACE -DOS_USE_TRACE_SEMIHOSTING_DEBUG -I"../include" -I"../system/include" -I"../system/include/cmsis" -I"../system/include/Air32" -std=gnu++11 -fabi-version=0 -fno-exceptions -fno-rtti -fno-use-cxa-atexit -fno-threadsafe-statics -MMD -MP -MF"src/Timer.d" -MT"src/Timer.o" -c -o "src/Timer.o" "../src/Timer.cpp"
已结束构建： ../src/Timer.cpp
 
正在构建文件： ../src/_write.c
正在调用： Cross ARM GNU C Compiler
arm-none-eabi-gcc -mcpu=cortex-m3 -mthumb -Og -fmessage-length=0 -fsigned-char -ffunction-sections -fdata-sections -ffreestanding -fno-move-loop-invariants -Wall -Wextra  -g3 -DDEBUG -DTRACE -DOS_USE_TRACE_SEMIHOSTING_DEBUG -I"../include" -I"../system/include" -I"../system/include/cmsis" -I"../system/include/Air32" -std=gnu11 -MMD -MP -MF"src/_write.d" -MT"src/_write.o" -c -o "src/_write.o" "../src/_write.c"
已结束构建： ../src/_write.c
 
正在构建文件： ../src/main.cpp
正在调用： Cross ARM GNU C++ Compiler
arm-none-eabi-g++ -mcpu=cortex-m3 -mthumb -Og -fmessage-length=0 -fsigned-char -ffunction-sections -fdata-sections -ffreestanding -fno-move-loop-invariants -Wall -Wextra  -g3 -DDEBUG -DTRACE -DOS_USE_TRACE_SEMIHOSTING_DEBUG -I"../include" -I"../system/include" -I"../system/include/cmsis" -I"../system/include/Air32" -std=gnu++11 -fabi-version=0 -fno-exceptions -fno-rtti -fno-use-cxa-atexit -fno-threadsafe-statics -MMD -MP -MF"src/main.d" -MT"src/main.o" -c -o "src/main.o" "../src/main.cpp"
已结束构建： ../src/main.cpp
 
正在构建目标： Air.elf
正在调用： Cross ARM GNU C++ Linker
arm-none-eabi-g++ -mcpu=cortex-m3 -mthumb -Og -fmessage-length=0 -fsigned-char -ffunction-sections -fdata-sections -ffreestanding -fno-move-loop-invariants -Wall -Wextra  -g3 -T mem.ld -T libs.ld -T sections.ld -nostartfiles -Xlinker --gc-sections -L"../ldscripts" -Wl,-Map,"Air.map" --specs=nano.specs -o "Air.elf"  ./system/src/newlib/_cxx.o ./system/src/newlib/_exit.o ./system/src/newlib/_sbrk.o ./system/src/newlib/_startup.o ./system/src/newlib/_syscalls.o ./system/src/newlib/assert.o  ./system/src/diag/Trace.o ./system/src/diag/trace_impl.o  ./system/src/cortexm/_initialize_hardware.o ./system/src/cortexm/_reset_hardware.o ./system/src/cortexm/exception_handlers.o  ./system/src/cmsis/system_Air32.o ./system/src/cmsis/vectors_Air32.o  ./src/Timer.o ./src/_write.o ./src/main.o   
已结束构建目标： Air.elf
 
正在调用： Cross ARM GNU Create Flash Image
arm-none-eabi-objcopy -O ihex "Air.elf"  "Air.hex"
已结束构建： Air.hex
 
正在调用： Cross ARM GNU Print Size
arm-none-eabi-size --format=berkeley "Air.elf"
   text	   data	    bss	    dec	    hex	filename
   4103	    160	    416	   4679	   1247	Air.elf
已结束构建： Air.siz
 

10:22:46 Build Finished. 0 errors, 0 warnings. (took 3s.331ms)

