15:47:43 **** Incremental Build of configuration Debug for project C8T6_bujindianji ****
make all 
正在构建文件： ../src/stm32f10x_adc.c
正在调用： Cross ARM GNU C Compiler
arm-none-eabi-gcc -mcpu=cortex-m3 -mthumb -Og -fmessage-length=0 -fsigned-char -ffunction-sections -fdata-sections -ffreestanding -fno-move-loop-invariants -Wall -Wextra  -g3 -DDEBUG -DUSE_FULL_ASSERT -DTRACE -DOS_USE_TRACE_SEMIHOSTING_DEBUG -DSTM32F10X_MD -DUSE_STDPERIPH_DRIVER -DHSE_VALUE=8000000 -I"../include" -I"../system/include" -I"../system/include/cmsis" -I"../system/include/stm32f1-stdperiph" -std=gnu11 -MMD -MP -MF"src/stm32f10x_adc.d" -MT"src/stm32f10x_adc.o" -c -o "src/stm32f10x_adc.o" "../src/stm32f10x_adc.c"
已结束构建： ../src/stm32f10x_adc.c
 
正在构建文件： ../src/stm32f10x_can.c
正在调用： Cross ARM GNU C Compiler
arm-none-eabi-gcc -mcpu=cortex-m3 -mthumb -Og -fmessage-length=0 -fsigned-char -ffunction-sections -fdata-sections -ffreestanding -fno-move-loop-invariants -Wall -Wextra  -g3 -DDEBUG -DUSE_FULL_ASSERT -DTRACE -DOS_USE_TRACE_SEMIHOSTING_DEBUG -DSTM32F10X_MD -DUSE_STDPERIPH_DRIVER -DHSE_VALUE=8000000 -I"../include" -I"../system/include" -I"../system/include/cmsis" -I"../system/include/stm32f1-stdperiph" -std=gnu11 -MMD -MP -MF"src/stm32f10x_can.d" -MT"src/stm32f10x_can.o" -c -o "src/stm32f10x_can.o" "../src/stm32f10x_can.c"
已结束构建： ../src/stm32f10x_can.c
 
正在构建文件： ../src/stm32f10x_dma.c
正在调用： Cross ARM GNU C Compiler
arm-none-eabi-gcc -mcpu=cortex-m3 -mthumb -Og -fmessage-length=0 -fsigned-char -ffunction-sections -fdata-sections -ffreestanding -fno-move-loop-invariants -Wall -Wextra  -g3 -DDEBUG -DUSE_FULL_ASSERT -DTRACE -DOS_USE_TRACE_SEMIHOSTING_DEBUG -DSTM32F10X_MD -DUSE_STDPERIPH_DRIVER -DHSE_VALUE=8000000 -I"../include" -I"../system/include" -I"../system/include/cmsis" -I"../system/include/stm32f1-stdperiph" -std=gnu11 -MMD -MP -MF"src/stm32f10x_dma.d" -MT"src/stm32f10x_dma.o" -c -o "src/stm32f10x_dma.o" "../src/stm32f10x_dma.c"
已结束构建： ../src/stm32f10x_dma.c
 
正在构建文件： ../src/stm32f10x_iwdg.c
正在调用： Cross ARM GNU C Compiler
arm-none-eabi-gcc -mcpu=cortex-m3 -mthumb -Og -fmessage-length=0 -fsigned-char -ffunction-sections -fdata-sections -ffreestanding -fno-move-loop-invariants -Wall -Wextra  -g3 -DDEBUG -DUSE_FULL_ASSERT -DTRACE -DOS_USE_TRACE_SEMIHOSTING_DEBUG -DSTM32F10X_MD -DUSE_STDPERIPH_DRIVER -DHSE_VALUE=8000000 -I"../include" -I"../system/include" -I"../system/include/cmsis" -I"../system/include/stm32f1-stdperiph" -std=gnu11 -MMD -MP -MF"src/stm32f10x_iwdg.d" -MT"src/stm32f10x_iwdg.o" -c -o "src/stm32f10x_iwdg.o" "../src/stm32f10x_iwdg.c"
已结束构建： ../src/stm32f10x_iwdg.c
 
正在构建文件： ../src/stm32f10x_usart.c
正在调用： Cross ARM GNU C Compiler
arm-none-eabi-gcc -mcpu=cortex-m3 -mthumb -Og -fmessage-length=0 -fsigned-char -ffunction-sections -fdata-sections -ffreestanding -fno-move-loop-invariants -Wall -Wextra  -g3 -DDEBUG -DUSE_FULL_ASSERT -DTRACE -DOS_USE_TRACE_SEMIHOSTING_DEBUG -DSTM32F10X_MD -DUSE_STDPERIPH_DRIVER -DHSE_VALUE=8000000 -I"../include" -I"../system/include" -I"../system/include/cmsis" -I"../system/include/stm32f1-stdperiph" -std=gnu11 -MMD -MP -MF"src/stm32f10x_usart.d" -MT"src/stm32f10x_usart.o" -c -o "src/stm32f10x_usart.o" "../src/stm32f10x_usart.c"
已结束构建： ../src/stm32f10x_usart.c
 
正在构建目标： C8T6_bujindianji.elf
正在调用： Cross ARM GNU C++ Linker
arm-none-eabi-g++ -mcpu=cortex-m3 -mthumb -Og -fmessage-length=0 -fsigned-char -ffunction-sections -fdata-sections -ffreestanding -fno-move-loop-invariants -Wall -Wextra  -g3 -T mem.ld -T libs.ld -T sections.ld -nostartfiles -Xlinker --gc-sections -L"../ldscripts" -Wl,-Map,"C8T6_bujindianji.map" --specs=nano.specs -o "C8T6_bujindianji.elf"  ./system/src/stm32f1-stdperiph/misc.o ./system/src/stm32f1-stdperiph/stm32f10x_gpio.o ./system/src/stm32f1-stdperiph/stm32f10x_rcc.o  ./system/src/newlib/_cxx.o ./system/src/newlib/_exit.o ./system/src/newlib/_sbrk.o ./system/src/newlib/_startup.o ./system/src/newlib/_syscalls.o ./system/src/newlib/assert.o  ./system/src/diag/Trace.o ./system/src/diag/trace_impl.o  ./system/src/cortexm/_initialize_hardware.o ./system/src/cortexm/_reset_hardware.o ./system/src/cortexm/exception_handlers.o  ./system/src/cmsis/system_stm32f10x.o ./system/src/cmsis/vectors_stm32f10x.o  ./src/Adc_Dma.o ./src/Timer.o ./src/_write.o ./src/delay.o ./src/main.o ./src/stm32f10x_adc.o ./src/stm32f10x_can.o ./src/stm32f10x_dma.o ./src/stm32f10x_iwdg.o ./src/stm32f10x_usart.o   
已结束构建目标： C8T6_bujindianji.elf
 
正在调用： Cross ARM GNU Create Flash Image
arm-none-eabi-objcopy -O ihex "C8T6_bujindianji.elf"  "C8T6_bujindianji.hex"
已结束构建： C8T6_bujindianji.hex
 
正在调用： Cross ARM GNU Print Size
arm-none-eabi-size --format=berkeley "C8T6_bujindianji.elf"
   text	   data	    bss	    dec	    hex	filename
   8411	    176	  10660	  19247	   4b2f	C8T6_bujindianji.elf
已结束构建： C8T6_bujindianji.siz
 

15:47:45 Build Finished. 0 errors, 0 warnings. (took 1s.406ms)

