08:34:04 **** 构建 of configuration Debug for project LoraMain_1.5 ****
make all 
正在构建文件： ../src/Terminal.cpp
正在调用： Cross ARM GNU C++ Compiler
arm-none-eabi-g++ -mcpu=cortex-m3 -mthumb -Og -fmessage-length=0 -fsigned-char -ffunction-sections -fdata-sections -ffreestanding -fno-move-loop-invariants -Wall -Wextra  -g3 -DDEBUG -DUSE_FULL_ASSERT -DTRACE -DOS_USE_TRACE_SEMIHOSTING_DEBUG -DSTM32F10X_MD -DUSE_STDPERIPH_DRIVER -DHSE_VALUE=8000000 -I"../include" -I"../system/include" -I"../system/include/cmsis" -I"../system/include/stm32f1-stdperiph" -std=gnu++11 -fabi-version=0 -fno-exceptions -fno-rtti -fno-use-cxa-atexit -fno-threadsafe-statics -MMD -MP -MF"src/Terminal.d" -MT"src/Terminal.o" -c -o "src/Terminal.o" "../src/Terminal.cpp"
已结束构建： ../src/Terminal.cpp
 
正在构建目标： LoraMain_1.5.elf
正在调用： Cross ARM GNU C++ Linker
arm-none-eabi-g++ -mcpu=cortex-m3 -mthumb -Og -fmessage-length=0 -fsigned-char -ffunction-sections -fdata-sections -ffreestanding -fno-move-loop-invariants -Wall -Wextra  -g3 -T mem.ld -T libs.ld -T sections.ld -nostartfiles -Xlinker --gc-sections -L"../ldscripts" -Wl,-Map,"LoraMain_1.5.map" --specs=nano.specs -o "LoraMain_1.5.elf"  ./system/src/stm32f1-stdperiph/misc.o ./system/src/stm32f1-stdperiph/stm32f10x_gpio.o ./system/src/stm32f1-stdperiph/stm32f10x_rcc.o  ./system/src/newlib/_cxx.o ./system/src/newlib/_exit.o ./system/src/newlib/_sbrk.o ./system/src/newlib/_startup.o ./system/src/newlib/_syscalls.o ./system/src/newlib/assert.o  ./system/src/diag/Trace.o ./system/src/diag/trace_impl.o  ./system/src/cortexm/_initialize_hardware.o ./system/src/cortexm/_reset_hardware.o ./system/src/cortexm/exception_handlers.o  ./system/src/cmsis/system_stm32f10x.o ./system/src/cmsis/vectors_stm32f10x.o  ./src/AT24C16.o ./src/CRC16.o ./src/Devices.o ./src/Lora.o ./src/Terminal.o ./src/Timer.o ./src/Usart1.o ./src/Usart2.o ./src/Usart3.o ./src/WatchDog.o ./src/_write.o ./src/delay.o ./src/main.o ./src/stm32f10x_dma.o ./src/stm32f10x_iwdg.o ./src/stm32f10x_usart.o   
已结束构建目标： LoraMain_1.5.elf
 
正在调用： Cross ARM GNU Create Flash Image
arm-none-eabi-objcopy -O ihex "LoraMain_1.5.elf"  "LoraMain_1.5.hex"
已结束构建： LoraMain_1.5.hex
 
正在调用： Cross ARM GNU Print Size
arm-none-eabi-size --format=berkeley "LoraMain_1.5.elf"
   text	   data	    bss	    dec	    hex	filename
  17295	    196	   2004	  19495	   4c27	LoraMain_1.5.elf
已结束构建： LoraMain_1.5.siz
 

08:34:05 Build Finished. 0 errors, 0 warnings. (took 1s.63ms)

